I'm sorry, but errors were detected in your script. Please correct the
errors listed below, and try again.


File "game/script.rpy", line 693: expected statement.
    success=True
           ^

Ren'Py Version: Ren'Py 7.1.3.1092
Sun Feb 03 23:42:12 2019
